{
  "New-AzRecoveryServicesReplicationFabric+[NoContext]+CreateExpanded+$PUT+https://management.azure.com/subscriptions/7c943c1b-5122-4097-90c8-861411bdd574/resourceGroups/a2arecoveryrg/providers/Microsoft.RecoveryServices/vaults/a2arecoveryvault/replicationFabrics/a2ademofabric?api-version=2023-02-01+1": {
    "Request": {
      "Method": "PUT",
      "RequestUri": "https://management.azure.com/subscriptions/7c943c1b-5122-4097-90c8-861411bdd574/resourceGroups/a2arecoveryrg/providers/Microsoft.RecoveryServices/vaults/a2arecoveryvault/replicationFabrics/a2ademofabric?api-version=2023-02-01",
      "Content": "{\r\n  \"properties\": {\r\n    \"customDetails\": {\r\n      \"instanceType\": \"Azure\",\r\n      \"location\": \"East US 2\"\r\n    }\r\n  }\r\n}",
      "Headers": {
      },
      "ContentHeaders": {
        "Content-Type": [ "application/json" ],
        "Content-Length": [ "122" ]
      }
    },
    "Response": {
      "StatusCode": 202,
      "Headers": {
        "Cache-Control": [ "no-cache" ],
        "Pragma": [ "no-cache" ],
        "Location": [ "https://management.azure.com/Subscriptions/7c943c1b-5122-4097-90c8-861411bdd574/resourceGroups/a2arecoveryrg/providers/Microsoft.RecoveryServices/vaults/a2arecoveryvault/replicationFabrics/a2ademofabric/operationresults/07ed42ce-188b-44cc-bb8a-a2a450d1f1e8?api-version=2023-02-01" ],
        "Retry-After": [ "30" ],
        "Strict-Transport-Security": [ "max-age=31536000; includeSubDomains" ],
        "x-ms-request-id": [ "/Subscriptions/7c943c1b-5122-4097-90c8-861411bdd574/resourceGroups/a2arecoveryrg/providers/Microsoft.RecoveryServices/vaults/a2arecoveryvault/replicationJobs/07ed42ce-188b-44cc-bb8a-a2a450d1f1e8", "/Subscriptions/7c943c1b-5122-4097-90c8-861411bdd574/resourceGroups/a2arecoveryrg/providers/Microsoft.RecoveryServices/vaults/a2arecoveryvault/replicationJobs/07ed42ce-188b-44cc-bb8a-a2a450d1f1e8" ],
        "Azure-AsyncOperation": [ "https://management.azure.com/Subscriptions/7c943c1b-5122-4097-90c8-861411bdd574/resourceGroups/a2arecoveryrg/providers/Microsoft.RecoveryServices/vaults/a2arecoveryvault/replicationOperationStatus/07ed42ce-188b-44cc-bb8a-a2a450d1f1e8?api-version=2023-02-01" ],
        "X-Content-Type-Options": [ "nosniff" ],
        "x-ms-client-request-id": [ "cc011fd1-f6f6-4977-b412-c6b39e349670" ],
        "Server": [ "Kestrel" ],
        "x-ms-ratelimit-remaining-subscription-writes": [ "1199" ],
        "x-ms-correlation-request-id": [ "afcfc9af-1a47-40ed-8786-ae518381b62d" ],
        "x-ms-routing-request-id": [ "JAPANEAST:20230607T085505Z:afcfc9af-1a47-40ed-8786-ae518381b62d" ],
        "Date": [ "Wed, 07 Jun 2023 08:55:04 GMT" ]
      },
      "ContentHeaders": {
        "Expires": [ "-1" ],
        "Content-Length": [ "0" ]
      },
      "Content": null
    }
  },
  "New-AzRecoveryServicesReplicationFabric+[NoContext]+CreateExpanded+$GET+https://management.azure.com/Subscriptions/7c943c1b-5122-4097-90c8-861411bdd574/resourceGroups/a2arecoveryrg/providers/Microsoft.RecoveryServices/vaults/a2arecoveryvault/replicationOperationStatus/07ed42ce-188b-44cc-bb8a-a2a450d1f1e8?api-version=2023-02-01+2": {
    "Request": {
      "Method": "GET",
      "RequestUri": "https://management.azure.com/Subscriptions/7c943c1b-5122-4097-90c8-861411bdd574/resourceGroups/a2arecoveryrg/providers/Microsoft.RecoveryServices/vaults/a2arecoveryvault/replicationOperationStatus/07ed42ce-188b-44cc-bb8a-a2a450d1f1e8?api-version=2023-02-01",
      "Content": null,
      "Headers": {
        "Authorization": [ "[Filtered]" ],
        "x-ms-unique-id": [ "25" ],
        "x-ms-client-request-id": [ "cc011fd1-f6f6-4977-b412-c6b39e349670" ],
        "CommandName": [ "New-AzRecoveryServicesReplicationFabric" ],
        "FullCommandName": [ "New-AzRecoveryServicesReplicationFabric_CreateExpanded" ],
        "ParameterSetName": [ "__AllParameterSets" ],
        "User-Agent": [ "AzurePowershell/Az4.0.0-preview" ]
      },
      "ContentHeaders": {
      }
    },
    "Response": {
      "StatusCode": 200,
      "Headers": {
        "Cache-Control": [ "no-cache" ],
        "Pragma": [ "no-cache" ],
        "Strict-Transport-Security": [ "max-age=31536000; includeSubDomains" ],
        "x-ms-request-id": [ "/Subscriptions/7c943c1b-5122-4097-90c8-861411bdd574/resourceGroups/a2arecoveryrg/providers/Microsoft.RecoveryServices/vaults/a2arecoveryvault/replicationJobs/07ed42ce-188b-44cc-bb8a-a2a450d1f1e8" ],
        "X-Content-Type-Options": [ "nosniff" ],
        "x-ms-client-request-id": [ "cc011fd1-f6f6-4977-b412-c6b39e349670" ],
        "Server": [ "Kestrel" ],
        "x-ms-ratelimit-remaining-subscription-reads": [ "11977" ],
        "x-ms-correlation-request-id": [ "77bbc19f-a2e8-405b-99d6-533329432130" ],
        "x-ms-routing-request-id": [ "JAPANEAST:20230607T085535Z:77bbc19f-a2e8-405b-99d6-533329432130" ],
        "Date": [ "Wed, 07 Jun 2023 08:55:35 GMT" ]
      },
      "ContentHeaders": {
        "Content-Length": [ "191" ],
        "Content-Type": [ "application/json; charset=utf-8" ],
        "Expires": [ "-1" ]
      },
      "Content": "{\"error\":null,\"id\":null,\"name\":\"07ed42ce-188b-44cc-bb8a-a2a450d1f1e8\",\"properties\":null,\"status\":\"InProgress\",\"startTime\":\"2023-06-07T08:55:05.0222323Z\",\"endTime\":null,\"percentComplete\":null}"
    }
  },
  "New-AzRecoveryServicesReplicationFabric+[NoContext]+CreateExpanded+$GET+https://management.azure.com/Subscriptions/7c943c1b-5122-4097-90c8-861411bdd574/resourceGroups/a2arecoveryrg/providers/Microsoft.RecoveryServices/vaults/a2arecoveryvault/replicationOperationStatus/07ed42ce-188b-44cc-bb8a-a2a450d1f1e8?api-version=2023-02-01+3": {
    "Request": {
      "Method": "GET",
      "RequestUri": "https://management.azure.com/Subscriptions/7c943c1b-5122-4097-90c8-861411bdd574/resourceGroups/a2arecoveryrg/providers/Microsoft.RecoveryServices/vaults/a2arecoveryvault/replicationOperationStatus/07ed42ce-188b-44cc-bb8a-a2a450d1f1e8?api-version=2023-02-01",
      "Content": null,
      "Headers": {
        "Authorization": [ "[Filtered]" ],
        "x-ms-unique-id": [ "26" ],
        "x-ms-client-request-id": [ "cc011fd1-f6f6-4977-b412-c6b39e349670" ],
        "CommandName": [ "New-AzRecoveryServicesReplicationFabric" ],
        "FullCommandName": [ "New-AzRecoveryServicesReplicationFabric_CreateExpanded" ],
        "ParameterSetName": [ "__AllParameterSets" ],
        "User-Agent": [ "AzurePowershell/Az4.0.0-preview" ]
      },
      "ContentHeaders": {
      }
    },
    "Response": {
      "StatusCode": 200,
      "Headers": {
        "Cache-Control": [ "no-cache" ],
        "Pragma": [ "no-cache" ],
        "Strict-Transport-Security": [ "max-age=31536000; includeSubDomains" ],
        "x-ms-request-id": [ "/Subscriptions/7c943c1b-5122-4097-90c8-861411bdd574/resourceGroups/a2arecoveryrg/providers/Microsoft.RecoveryServices/vaults/a2arecoveryvault/replicationJobs/07ed42ce-188b-44cc-bb8a-a2a450d1f1e8" ],
        "X-Content-Type-Options": [ "nosniff" ],
        "x-ms-client-request-id": [ "cc011fd1-f6f6-4977-b412-c6b39e349670" ],
        "Server": [ "Kestrel" ],
        "x-ms-ratelimit-remaining-subscription-reads": [ "11976" ],
        "x-ms-correlation-request-id": [ "36f8f034-89a8-4880-8515-12026f3ecae0" ],
        "x-ms-routing-request-id": [ "JAPANEAST:20230607T085606Z:36f8f034-89a8-4880-8515-12026f3ecae0" ],
        "Date": [ "Wed, 07 Jun 2023 08:56:05 GMT" ]
      },
      "ContentHeaders": {
        "Content-Length": [ "191" ],
        "Content-Type": [ "application/json; charset=utf-8" ],
        "Expires": [ "-1" ]
      },
      "Content": "{\"error\":null,\"id\":null,\"name\":\"07ed42ce-188b-44cc-bb8a-a2a450d1f1e8\",\"properties\":null,\"status\":\"InProgress\",\"startTime\":\"2023-06-07T08:55:05.0222323Z\",\"endTime\":null,\"percentComplete\":null}"
    }
  },
  "New-AzRecoveryServicesReplicationFabric+[NoContext]+CreateExpanded+$GET+https://management.azure.com/Subscriptions/7c943c1b-5122-4097-90c8-861411bdd574/resourceGroups/a2arecoveryrg/providers/Microsoft.RecoveryServices/vaults/a2arecoveryvault/replicationOperationStatus/07ed42ce-188b-44cc-bb8a-a2a450d1f1e8?api-version=2023-02-01+4": {
    "Request": {
      "Method": "GET",
      "RequestUri": "https://management.azure.com/Subscriptions/7c943c1b-5122-4097-90c8-861411bdd574/resourceGroups/a2arecoveryrg/providers/Microsoft.RecoveryServices/vaults/a2arecoveryvault/replicationOperationStatus/07ed42ce-188b-44cc-bb8a-a2a450d1f1e8?api-version=2023-02-01",
      "Content": null,
      "Headers": {
        "Authorization": [ "[Filtered]" ],
        "x-ms-unique-id": [ "27" ],
        "x-ms-client-request-id": [ "cc011fd1-f6f6-4977-b412-c6b39e349670" ],
        "CommandName": [ "New-AzRecoveryServicesReplicationFabric" ],
        "FullCommandName": [ "New-AzRecoveryServicesReplicationFabric_CreateExpanded" ],
        "ParameterSetName": [ "__AllParameterSets" ],
        "User-Agent": [ "AzurePowershell/Az4.0.0-preview" ]
      },
      "ContentHeaders": {
      }
    },
    "Response": {
      "StatusCode": 200,
      "Headers": {
        "Cache-Control": [ "no-cache" ],
        "Pragma": [ "no-cache" ],
        "Strict-Transport-Security": [ "max-age=31536000; includeSubDomains" ],
        "x-ms-request-id": [ "/Subscriptions/7c943c1b-5122-4097-90c8-861411bdd574/resourceGroups/a2arecoveryrg/providers/Microsoft.RecoveryServices/vaults/a2arecoveryvault/replicationJobs/07ed42ce-188b-44cc-bb8a-a2a450d1f1e8" ],
        "X-Content-Type-Options": [ "nosniff" ],
        "x-ms-client-request-id": [ "cc011fd1-f6f6-4977-b412-c6b39e349670" ],
        "Server": [ "Kestrel" ],
        "x-ms-ratelimit-remaining-subscription-reads": [ "11975" ],
        "x-ms-correlation-request-id": [ "716d5b63-0d08-4f3c-ad00-84d4e96fa7c6" ],
        "x-ms-routing-request-id": [ "JAPANEAST:20230607T085636Z:716d5b63-0d08-4f3c-ad00-84d4e96fa7c6" ],
        "Date": [ "Wed, 07 Jun 2023 08:56:35 GMT" ]
      },
      "ContentHeaders": {
        "Content-Length": [ "216" ],
        "Content-Type": [ "application/json; charset=utf-8" ],
        "Expires": [ "-1" ]
      },
      "Content": "{\"error\":null,\"id\":null,\"name\":\"07ed42ce-188b-44cc-bb8a-a2a450d1f1e8\",\"properties\":null,\"status\":\"Succeeded\",\"startTime\":\"2023-06-07T08:55:05.0222323Z\",\"endTime\":\"2023-06-07T08:56:16.0000000Z\",\"percentComplete\":null}"
    }
  },
  "New-AzRecoveryServicesReplicationFabric+[NoContext]+CreateExpanded+$GET+https://management.azure.com/subscriptions/7c943c1b-5122-4097-90c8-861411bdd574/resourceGroups/a2arecoveryrg/providers/Microsoft.RecoveryServices/vaults/a2arecoveryvault/replicationFabrics/a2ademofabric?api-version=2023-02-01+5": {
    "Request": {
      "Method": "GET",
      "RequestUri": "https://management.azure.com/subscriptions/7c943c1b-5122-4097-90c8-861411bdd574/resourceGroups/a2arecoveryrg/providers/Microsoft.RecoveryServices/vaults/a2arecoveryvault/replicationFabrics/a2ademofabric?api-version=2023-02-01",
      "Content": null,
      "Headers": {
        "Authorization": [ "[Filtered]" ],
        "x-ms-unique-id": [ "28" ],
        "x-ms-client-request-id": [ "cc011fd1-f6f6-4977-b412-c6b39e349670" ],
        "CommandName": [ "New-AzRecoveryServicesReplicationFabric" ],
        "FullCommandName": [ "New-AzRecoveryServicesReplicationFabric_CreateExpanded" ],
        "ParameterSetName": [ "__AllParameterSets" ],
        "User-Agent": [ "AzurePowershell/Az4.0.0-preview" ]
      },
      "ContentHeaders": {
      }
    },
    "Response": {
      "StatusCode": 200,
      "Headers": {
        "Cache-Control": [ "no-cache" ],
        "Pragma": [ "no-cache" ],
        "Strict-Transport-Security": [ "max-age=31536000; includeSubDomains" ],
        "x-ms-request-id": [ "cc011fd1-f6f6-4977-b412-c6b39e349670 6/7/2023 8:56:37 AM" ],
        "X-Content-Type-Options": [ "nosniff" ],
        "x-ms-client-request-id": [ "cc011fd1-f6f6-4977-b412-c6b39e349670" ],
        "Server": [ "Kestrel" ],
        "x-ms-ratelimit-remaining-subscription-reads": [ "11974" ],
        "x-ms-correlation-request-id": [ "4f8638aa-c398-4113-bf05-f35ffb127d14" ],
        "x-ms-routing-request-id": [ "JAPANEAST:20230607T085637Z:4f8638aa-c398-4113-bf05-f35ffb127d14" ],
        "Date": [ "Wed, 07 Jun 2023 08:56:36 GMT" ]
      },
      "ContentHeaders": {
        "Content-Length": [ "650" ],
        "Content-Type": [ "application/json; charset=utf-8" ],
        "Expires": [ "-1" ]
      },
      "Content": "{\"name\":\"a2ademofabric\",\"type\":\"Microsoft.RecoveryServices/vaults/replicationFabrics\",\"id\":\"/Subscriptions/7c943c1b-5122-4097-90c8-861411bdd574/resourceGroups/a2arecoveryrg/providers/Microsoft.RecoveryServices/vaults/a2arecoveryvault/replicationFabrics/a2ademofabric\",\"properties\":{\"friendlyName\":\"East US 2\",\"encryptionDetails\":{\"kekState\":\"None\",\"kekCertThumbprint\":null},\"rolloverEncryptionDetails\":{\"kekState\":\"None\",\"kekCertThumbprint\":null},\"internalIdentifier\":\"16a0863d-2c33-5359-a6cc-7c5e6556c170\",\"bcdrState\":\"Valid\",\"customDetails\":{\"instanceType\":\"Azure\",\"location\":\"eastus2\",\"containerIds\":[]},\"healthErrorDetails\":[],\"health\":\"Normal\"}}"
    }
  }
}